// Jest Snapshot v1, https://goo.gl/fbAQLP

exports[`ゲームを表現しているコンポーネントの検証 ゲームが描画されること SnapShotと同一であること 1`] = `
<div
  className="game"
>
  <div
    className="game-board"
  >
    <div>
      <div
        className="board-row"
      >
        <button
          className="square"
          onClick={[Function]}
        />
        <button
          className="square"
          onClick={[Function]}
        />
        <button
          className="square"
          onClick={[Function]}
        />
      </div>
      <div
        className="board-row"
      >
        <button
          className="square"
          onClick={[Function]}
        />
        <button
          className="square"
          onClick={[Function]}
        />
        <button
          className="square"
          onClick={[Function]}
        />
      </div>
      <div
        className="board-row"
      >
        <button
          className="square"
          onClick={[Function]}
        />
        <button
          className="square"
          onClick={[Function]}
        />
        <button
          className="square"
          onClick={[Function]}
        />
      </div>
    </div>
  </div>
  <div
    className="game-info"
  >
    <div>
      Next player: X
    </div>
    <div>
      <button
        onClick={[Function]}
      >
        Sort descending
      </button>
    </div>
    <ol>
      <li>
        <button
          onClick={[Function]}
        >
          <b>
            Go to game start
          </b>
          
        </button>
      </li>
    </ol>
  </div>
</div>
`;
